******************************************************************************
                  TI ARM Linker PC v5.1.6                      
******************************************************************************
>> Linked Sun Mar 15 22:26:17 2015

OUTPUT FILE NAME:   <tivaCpp.out>
ENTRY POINT SYMBOL: "_c_int00"  address: 000018d9


MEMORY CONFIGURATION

         name            origin    length      used     unused   attr    fill
----------------------  --------  ---------  --------  --------  ----  --------
  FLASH                 00000000   00040000  00001d0a  0003e2f6  R  X
  SRAM                  20000000   00008000  00000650  000079b0  RW X


SEGMENT ALLOCATION MAP

run origin  load origin   length   init length attrs members
----------  ----------- ---------- ----------- ----- -------
00000000    00000000    00001d10   00001d10    r-x
  00000000    00000000    0000026c   0000026c    r-- .intvecs
  0000026c    0000026c    00001876   00001876    r-x .text
  00001ae4    00001ae4    000001dc   000001dc    r-- .const
  00001cc0    00001cc0    00000004   00000004    r-- .init_array
  00001cc8    00001cc8    00000048   00000048    r-- .cinit
20000000    20000000    00000650   00000000    rw-
  20000000    20000000    00000400   00000000    rw- .sysmem
  20000400    20000400    00000200   00000000    rw- .stack
  20000600    20000600    00000030   00000000    rw- .data
  20000630    20000630    00000020   00000000    rw- .bss


SECTION ALLOCATION MAP

 output                                  attributes/
section   page    origin      length       input sections
--------  ----  ----------  ----------   ----------------
.intvecs   0    00000000    0000026c     
                  00000000    0000026c     tm4c123gh6pm_startup_ccs.obj (.intvecs)

.text      0    0000026c    00001876     
                  0000026c    00000cb8     main.obj (.text)
                  00000f24    000003cc     rtsv7M4_T_le_v4SPD16_eabi.lib : memory.obj (.text)
                  000012f0    00000104     tm4c123gh6pm_startup_ccs.obj (.text)
                  000013f4    000000f4     rtsv7M4_T_le_v4SPD16_eabi.lib : dtor_list.obj (.text)
                  000014e8    000000bc                                   : typeinfo_.obj (.text)
                  000015a4    0000009c                                   : memcpy_t2.obj (.text)
                  00001640    00000094                                   : auto_init.obj (.text)
                  000016d4    00000086                                   : fd_cmp_t2.obj (.text:__aeabi_cdcmple)
                  0000175a    00000086                                   : fd_cmp_t2.obj (.text:__aeabi_cdrcmple)
                  000017e0    0000005e                                   : copy_decompress_rle.obj (.text)
                  0000183e    00000050                                   : fs_toull_t2.obj (.text)
                  0000188e    0000004a                                   : fd_tos_t2.obj (.text)
                  000018d8    00000048                                   : boot.obj (.text)
                  00001920    00000044                                   : cpy_tbl.obj (.text)
                  00001964    00000044                                   : exit.obj (.text)
                  000019a8    00000038                                   : fs_tod_t2.obj (.text)
                  000019e0    0000002c                                   : new_.obj (.text)
                  00001a0c    00000028     GObject.obj (.text)
                  00001a34    00000020     main.obj (.text:_ZNSt8auto_ptrIN7gObject7GObjectEE5resetEPS1_)
                  00001a54    00000018     rtsv7M4_T_le_v4SPD16_eabi.lib : args_main.obj (.text)
                  00001a6c    00000014     main.obj (.text:_ZNSt8auto_ptrIN7gObject7GObjectEEC1EPS1_)
                  00001a80    00000014     rtsv7M4_T_le_v4SPD16_eabi.lib : _lock.obj (.text)
                  00001a94    00000012                                   : copy_zero_init.obj (.text:decompress:ZI)
                  00001aa6    00000010     main.obj (.text:_ZNSt8auto_ptrIN7gObject7GObjectEED1Ev)
                  00001ab6    0000000e     main.obj (.text:_ZNKSt8auto_ptrIN7gObject7GObjectEE3getEv)
                  00001ac4    0000000e     rtsv7M4_T_le_v4SPD16_eabi.lib : copy_decompress_none.obj (.text:decompress:none)
                  00001ad2    00000008                                   : delete.obj (.text)
                  00001ada    00000006                                   : copy_decompress_rle.obj (.text:decompress:rle24)
                  00001ae0    00000002                                   : newhandler.obj (.text)

.const     0    00001ae4    000001dc     
                  00001ae4    00000028     rtsv7M4_T_le_v4SPD16_eabi.lib : typeinfo_.obj (.const:.typeinfo:_ZTSN10__cxxabiv123__fundamental_type_infoE)
                  00001b0c    00000025                                   : typeinfo_.obj (.const:.typeinfo:_ZTSN10__cxxabiv120__si_class_type_infoE)
                  00001b31    00000024                                   : typeinfo_.obj (.const:.typeinfo:_ZTSN10__cxxabiv119__pointer_type_infoE)
                  00001b55    00000022                                   : typeinfo_.obj (.const:.typeinfo:_ZTSN10__cxxabiv117__class_type_infoE)
                  00001b77    00000022                                   : typeinfo_.obj (.const:.typeinfo:_ZTSN10__cxxabiv117__pbase_type_infoE)
                  00001b99    00000013     GObject.obj (.const:.typeinfo:_ZTSN7gObject7GObjectE)
                  00001bac    00000011     main.obj (.const:.typeinfo:_ZTSN7GpTimer5TimerE)
                  00001bbd    00000002     rtsv7M4_T_le_v4SPD16_eabi.lib : typeinfo_.obj (.const:.typeinfo:_ZTSe)
                  00001bbf    00000001     --HOLE-- [fill = 0]
                  00001bc0    00000010                                   : typeinfo_.obj (.const:.typeinfo:_ZTIPKe)
                  00001bd0    00000010                                   : typeinfo_.obj (.const:_ZTVN10__cxxabiv117__class_type_infoE)
                  00001be0    00000010                                   : typeinfo_.obj (.const:_ZTVN10__cxxabiv119__pointer_type_infoE)
                  00001bf0    00000010                                   : typeinfo_.obj (.const:_ZTVN10__cxxabiv120__si_class_type_infoE)
                  00001c00    00000010                                   : typeinfo_.obj (.const:_ZTVN10__cxxabiv123__fundamental_type_infoE)
                  00001c10    0000000f     main.obj (.const:.typeinfo:_ZTSN7GpTimer3PwmE)
                  00001c1f    0000000d     rtsv7M4_T_le_v4SPD16_eabi.lib : typeinfo_.obj (.const:.typeinfo:_ZTSSt9type_info)
                  00001c2c    0000000c                                   : typeinfo_.obj (.const:.typeinfo:_ZTIN10__cxxabiv117__class_type_infoE)
                  00001c38    0000000c                                   : typeinfo_.obj (.const:.typeinfo:_ZTIN10__cxxabiv117__pbase_type_infoE)
                  00001c44    0000000c                                   : typeinfo_.obj (.const:.typeinfo:_ZTIN10__cxxabiv119__pointer_type_infoE)
                  00001c50    0000000c                                   : typeinfo_.obj (.const:.typeinfo:_ZTIN10__cxxabiv120__si_class_type_infoE)
                  00001c5c    0000000c                                   : typeinfo_.obj (.const:.typeinfo:_ZTIN10__cxxabiv123__fundamental_type_infoE)
                  00001c68    0000000c     main.obj (.const:.typeinfo:_ZTIN7GpTimer3PwmE)
                  00001c74    0000000c     main.obj (.const:.typeinfo:_ZTIN7GpTimer5TimerE)
                  00001c80    0000000c     main.obj (.const:_ZTVN7GpTimer3PwmE)
                  00001c8c    0000000c     main.obj (.const:_ZTVN7GpTimer5TimerE)
                  00001c98    0000000c     GObject.obj (.const:_ZTVN7gObject7GObjectE)
                  00001ca4    00000008     GObject.obj (.const:.typeinfo:_ZTIN7gObject7GObjectE)
                  00001cac    00000008     rtsv7M4_T_le_v4SPD16_eabi.lib : typeinfo_.obj (.const:.typeinfo:_ZTISt9type_info)
                  00001cb4    00000008                                   : typeinfo_.obj (.const:.typeinfo:_ZTIe)
                  00001cbc    00000004                                   : typeinfo_.obj (.const:.typeinfo:_ZTSPKe)

.init_array 
*          0    00001cc0    00000004     
                  00001cc0    00000004     main.obj (.init_array)

.cinit     0    00001cc8    00000048     
                  00001cc8    00000021     (.cinit..data.load) [load image, compression = rle]
                  00001ce9    00000003     --HOLE-- [fill = 0]
                  00001cec    0000000c     (__TI_handler_table)
                  00001cf8    00000008     (.cinit..bss.load) [load image, compression = zero_init]
                  00001d00    00000010     (__TI_cinit_table)

.sysmem    0    20000000    00000400     UNINITIALIZED
                  20000000    00000008     rtsv7M4_T_le_v4SPD16_eabi.lib : memory.obj (.sysmem)
                  20000008    000003f8     --HOLE--

.stack     0    20000400    00000200     UNINITIALIZED
                  20000400    00000200     --HOLE--

.data      0    20000600    00000030     UNINITIALIZED
                  20000600    0000000c     rtsv7M4_T_le_v4SPD16_eabi.lib : memory.obj (.data)
                  2000060c    00000008     main.obj (.data)
                  20000614    00000008     rtsv7M4_T_le_v4SPD16_eabi.lib : _lock.obj (.data)
                  2000061c    00000008                                   : exit.obj (.data)
                  20000624    00000004                                   : dtor_list.obj (.data)
                  20000628    00000004                                   : stkdepth_vars.obj (.data)
                  2000062c    00000004                                   : vars.obj (.data)

.bss       0    20000630    00000020     UNINITIALIZED
                  20000630    00000018     main.obj (.bss)
                  20000648    00000004     (.common:_ZSt16__dummy_typeinfo)
                  2000064c    00000004     (.common:__dso_handle)


LINKER GENERATED COPY TABLES

__TI_cinit_table @ 00001d00 records: 2, size/record: 8, table size: 16
	.data: load addr=00001cc8, load size=00000021 bytes, run addr=20000600, run size=00000030 bytes, compression=rle
	.bss: load addr=00001cf8, load size=00000008 bytes, run addr=20000630, run size=00000020 bytes, compression=zero_init


LINKER GENERATED HANDLER TABLE

__TI_handler_table @ 00001cec records: 3, size/record: 4, table size: 12
	index: 0, handler: __TI_decompress_rle24
	index: 1, handler: __TI_decompress_none
	index: 2, handler: __TI_zero_init


GLOBAL SYMBOLS: SORTED ALPHABETICALLY BY Name 

address    name
--------   ----
00001965   C$$EXIT
00001cc0   SHT$$INIT_ARRAY$$Base
00001cc4   SHT$$INIT_ARRAY$$Limit
00001ae1   _Z21__default_new_handlerv
000013e9   _Z8ResetISRv
00001595   _ZN10__cxxabiv116__enum_type_infoD0Ev
00001593   _ZN10__cxxabiv116__enum_type_infoD1Ev
00001593   _ZN10__cxxabiv116__enum_type_infoD2Ev
0000158b   _ZN10__cxxabiv117__array_type_infoD0Ev
00001589   _ZN10__cxxabiv117__array_type_infoD1Ev
00001589   _ZN10__cxxabiv117__array_type_infoD2Ev
00001581   _ZN10__cxxabiv117__class_type_infoD0Ev
0000157f   _ZN10__cxxabiv117__class_type_infoD1Ev
0000157f   _ZN10__cxxabiv117__class_type_infoD2Ev
00001577   _ZN10__cxxabiv117__pbase_type_infoD0Ev
00001575   _ZN10__cxxabiv117__pbase_type_infoD1Ev
00001575   _ZN10__cxxabiv117__pbase_type_infoD2Ev
0000156d   _ZN10__cxxabiv119__pointer_type_infoD0Ev
0000156b   _ZN10__cxxabiv119__pointer_type_infoD1Ev
0000156b   _ZN10__cxxabiv119__pointer_type_infoD2Ev
00001563   _ZN10__cxxabiv120__function_type_infoD0Ev
00001561   _ZN10__cxxabiv120__function_type_infoD1Ev
00001561   _ZN10__cxxabiv120__function_type_infoD2Ev
00001559   _ZN10__cxxabiv120__si_class_type_infoD0Ev
00001557   _ZN10__cxxabiv120__si_class_type_infoD1Ev
00001557   _ZN10__cxxabiv120__si_class_type_infoD2Ev
0000154f   _ZN10__cxxabiv121__vmi_class_type_infoD0Ev
0000154d   _ZN10__cxxabiv121__vmi_class_type_infoD1Ev
0000154d   _ZN10__cxxabiv121__vmi_class_type_infoD2Ev
00001545   _ZN10__cxxabiv123__fundamental_type_infoD0Ev
00001543   _ZN10__cxxabiv123__fundamental_type_infoD1Ev
00001543   _ZN10__cxxabiv123__fundamental_type_infoD2Ev
0000153b   _ZN10__cxxabiv129__pointer_to_member_type_infoD0Ev
00001539   _ZN10__cxxabiv129__pointer_to_member_type_infoD1Ev
00001539   _ZN10__cxxabiv129__pointer_to_member_type_infoD2Ev
000008a9   _ZN4Gpio3Pin11setPullDownEv
000008c9   _ZN4Gpio3Pin12setOpenDrainEv
000007cd   _ZN4Gpio3Pin13setAnalogModeEv
000006ed   _ZN4Gpio3Pin15configInterruptENS_6config10interrupts12intSenseType13_intSenseTypeENS2_17intSenseBothEdges18_intSenseBothEdgesENS2_12intEventType13_intEventTypeE
000006a5   _ZN4Gpio3Pin15enableInterruptEv
00000831   _ZN4Gpio3Pin15setCurrentDriveENS_6config12currentDrive13_currentDriveE
000006c9   _ZN4Gpio3Pin16disableInterruptEv
000007ed   _ZN4Gpio3Pin16setAlternateModeENS_6config8altModes9_altModesE
000004e9   _ZN4Gpio3Pin17enableDigitalFuncEv
00000509   _ZN4Gpio3Pin18disableDigitalFuncEv
00000687   _ZN4Gpio3Pin5isLowEv
00000659   _ZN4Gpio3Pin6isHighEv
000005b5   _ZN4Gpio3Pin6setLowEv
00000625   _ZN4Gpio3Pin6toggleEv
000005d5   _ZN4Gpio3Pin7setHighEv
0000052d   _ZN4Gpio3Pin7setModeENS_6config4mode5_modeE
000005f5   _ZN4Gpio3Pin8setValueENS_5state6_stateE
000007a7   _ZN4Gpio3Pin9clearFlagEv
00000571   _ZN4Gpio3Pin9setIOModeENS_6config6ioMode7_ioModeE
00000889   _ZN4Gpio3Pin9setPullUpEv
000004c9   _ZN4Gpio3PinC1ENS_4port5_portENS_3pin4_pinE
000004b1   _ZN4Gpio3PinC1Ev
000004c9   _ZN4Gpio3PinC2ENS_4port5_portENS_3pin4_pinE
000004b1   _ZN4Gpio3PinC2Ev
00000dfd   _ZN4core15IntEnableMasterEv
00000e09   _ZN4core15enableInterruptENS_10interrupts10_interruptE
20000610   _ZN5clock5Clock14CLOCK_RATE_MHZE
0000048d   _ZN5clock5Clock14enableADCClockENS_10peripheral3adc4_adcE
000003df   _ZN5clock5Clock15enableGpioClockENS_10peripheral4gpio5_gpioENS_6config11gpioBusType12_gpioBusTypeE
00000469   _ZN5clock5Clock15enableUartClockENS_10peripheral4uart5_uartE
00000445   _ZN5clock5Clock20enableWideTimerClockENS_10peripheral5timer9wideTimer10_wideTimerE
00000421   _ZN5clock5Clock22enableSimpleTimerClockENS_10peripheral5timer11simpleTimer12_simpleTimerE
00000357   _ZN5clock5Clock6configENS_6config11clockSource12_clockSourceENS1_9clockRate10_clockRateENS1_27precisionInternalOscillator28_precisionInternalOscillatorENS1_14mainOscillator15_mainOscillatorE
00000345   _ZN5clock5ClockC1Ev
00000345   _ZN5clock5ClockC2Ev
00000dd9   _ZN6delays8delay_msEj
00000b43   _ZN7GpTimer3Pwm4initEv
00000cd9   _ZN7GpTimer3Pwm7setDutyEf
00000b55   _ZN7GpTimer3Pwm9configPWMEmfNS_6config9pwmConfig11outputLevel12_outputLevelE
00000aff   _ZN7GpTimer3PwmC1ENS_11timerModule12_timerModuleENS_8subtimer9_subtimerE
00000acd   _ZN7GpTimer3PwmC1Ev
00000aff   _ZN7GpTimer3PwmC2ENS_11timerModule12_timerModuleENS_8subtimer9_subtimerE
00000acd   _ZN7GpTimer3PwmC2Ev
00000a93   _ZN7GpTimer5Timer11enableTimerEv
00000a71   _ZN7GpTimer5Timer12disableTimerEv
00000ab1   _ZN7GpTimer5Timer14clearInterruptENS_6config11timerConfig13interruptFlag14_interruptFlagE
0000093d   _ZN7GpTimer5Timer4initEv
00000947   _ZN7GpTimer5Timer6configEmfNS_6config11timerConfig11joiningMode12_joiningModeENS2_14countDirection15_countDirectionENS2_9timerMode10_timerModeENS2_15timerInterrupts16_timerInterruptsE
0000090f   _ZN7GpTimer5TimerC1ENS_11timerModule12_timerModuleENS_8subtimer9_subtimerE
000008e9   _ZN7GpTimer5TimerC1Ev
0000090f   _ZN7GpTimer5TimerC2ENS_11timerModule12_timerModuleENS_8subtimer9_subtimerE
000008e9   _ZN7GpTimer5TimerC2Ev
00001a25   _ZN7gObject7GObject4initEv
00001a0d   _ZN7gObject7GObjectC1Ev
00001a0d   _ZN7gObject7GObjectC2Ev
00001ab7   _ZNKSt8auto_ptrIN7gObject7GObjectEE3getEv
000014fb   _ZNKSt9type_info4nameEv
0000152b   _ZNKSt9type_info6beforeERKS_
00001515   _ZNKSt9type_infoeqERKS_
000014ff   _ZNKSt9type_infoneERKS_
00001a35   _ZNSt8auto_ptrIN7gObject7GObjectEE5resetEPS1_
00001a6d   _ZNSt8auto_ptrIN7gObject7GObjectEEC1EPS1_
00001aa7   _ZNSt8auto_ptrIN7gObject7GObjectEED1Ev
000014f3   _ZNSt9type_infoD0Ev
000014f1   _ZNSt9type_infoD1Ev
000014f1   _ZNSt9type_infoD2Ev
20000648   _ZSt16__dummy_typeinfo
000014e9   _ZSt21__gen_dummy_typeinfosv
00001c2c   _ZTIN10__cxxabiv117__class_type_infoE
00001c38   _ZTIN10__cxxabiv117__pbase_type_infoE
00001c44   _ZTIN10__cxxabiv119__pointer_type_infoE
00001c50   _ZTIN10__cxxabiv120__si_class_type_infoE
00001c5c   _ZTIN10__cxxabiv123__fundamental_type_infoE
00001c68   _ZTIN7GpTimer3PwmE
00001c74   _ZTIN7GpTimer5TimerE
00001ca4   _ZTIN7gObject7GObjectE
00001bc0   _ZTIPKe
00001cac   _ZTISt9type_info
00001cb4   _ZTIe
00001b55   _ZTSN10__cxxabiv117__class_type_infoE
00001b77   _ZTSN10__cxxabiv117__pbase_type_infoE
00001b31   _ZTSN10__cxxabiv119__pointer_type_infoE
00001b0c   _ZTSN10__cxxabiv120__si_class_type_infoE
00001ae4   _ZTSN10__cxxabiv123__fundamental_type_infoE
00001c10   _ZTSN7GpTimer3PwmE
00001bac   _ZTSN7GpTimer5TimerE
00001b99   _ZTSN7gObject7GObjectE
00001cbc   _ZTSPKe
00001c1f   _ZTSSt9type_info
00001bbd   _ZTSe
00001bd0   _ZTVN10__cxxabiv117__class_type_infoE
00001be0   _ZTVN10__cxxabiv119__pointer_type_infoE
00001bf0   _ZTVN10__cxxabiv120__si_class_type_infoE
00001c00   _ZTVN10__cxxabiv123__fundamental_type_infoE
00001c80   _ZTVN7GpTimer3PwmE
00001c8c   _ZTVN7GpTimer5TimerE
00001c98   _ZTVN7gObject7GObjectE
00001ad3   _ZdlPv
000019e1   _Znwj
20000600   __STACK_END
00000200   __STACK_SIZE
20000600   __STACK_TOP
00000400   __SYSMEM_SIZE
00001d00   __TI_CINIT_Base
00001d10   __TI_CINIT_Limit
00001cec   __TI_Handler_Table_Base
00001cf8   __TI_Handler_Table_Limit
00000001   __TI_args_main
00001641   __TI_auto_init
2000061c   __TI_cleanup_ptr
00001ac5   __TI_decompress_none
00001adb   __TI_decompress_rle24
20000620   __TI_dtors_ptr
00000000   __TI_static_base__
00001a95   __TI_zero_init
0000144d   __aeabi_atexit
000016d5   __aeabi_cdcmpeq
000016d5   __aeabi_cdcmple
0000175b   __aeabi_cdrcmple
0000188f   __aeabi_d2f
000019a9   __aeabi_f2d
0000183f   __aeabi_f2ulz
000015a5   __aeabi_memcpy
000015a5   __aeabi_memcpy4
000015a5   __aeabi_memcpy8
ffffffff   __binit__
ffffffff   __c_args__
0000143b   __cxa_atexit
000013f5   __cxa_finalize
00001435   __cxa_ia64_exit
2000064c   __dso_handle
20000400   __stack
00000ea9   __sti___8_main_cpp_70a26d19
00001a55   _args_main
000018d9   _c_int00
20000614   _lock
2000062c   _new_handler
00001a8f   _nop
00001a87   _register_lock
00001a81   _register_unlock
20000000   _sys_memory
20000618   _unlock
00001969   abort
0000131f   adcSeq0_isr
00001321   adcSeq1_isr
00001323   adcSeq2_isr
00001325   adcSeq3_isr
00001363   adc_1_Seq0_isr
00001365   adc_1_Seq1_isr
00001367   adc_1_Seq2_isr
00001369   adc_1_Seq3_isr
00001335   analogComparator0_isr
00001337   analogComparator1_isr
00001339   analogComparator2_isr
0000143f   atexit
ffffffff   binit
000012f9   busFault_isr
000012b9   calloc
00001351   can0_isr
00001353   can1_isr
00001355   can2_isr
00001921   copy_in
000012ff   debugMonitor_isr
2000060c   duty
00001357   ethernet_isr
00001971   exit
0000136d   extBusInterface_isr
000013b7   fan0_isr
0000133d   flashCtrl_isr
000013a7   fpu_isr
00001013   free
00000000   g_pfnVectors
000013e7   gpioA_isr
00001305   gpioB_isr
00001307   gpioC_isr
00001309   gpioD_isr
0000130b   gpioE_isr
0000133f   gpioF_isr
00001341   gpioG_isr
00001343   gpioH_isr
0000136f   gpioJ_isr
00001371   gpioK_isr
00001373   gpioL_isr
000013b1   gpioM_isr
000013b3   gpioN_isr
000013bb   gpioP1_isr
000013bd   gpioP2_isr
000013bf   gpioP3_isr
000013c1   gpioP4_isr
000013c3   gpioP5_isr
000013c5   gpioP6_isr
000013c7   gpioP7_isr
000013b9   gpioP_isr
000013cb   gpioQ1_isr
000013cd   gpioQ2_isr
000013cf   gpioQ3_isr
000013d1   gpioQ4_isr
000013d3   gpioQ5_isr
000013d5   gpioQ6_isr
000013d7   gpioQ7_isr
000013c9   gpioQ_isr
000013d9   gpioR_isr
000013db   gpioS_isr
00001359   hibernate_isr
00001313   i2c0masterSlave_isr
0000134d   i2c1masterSlave_isr
00001383   i2c2masterSlave_isr
00001385   i2c3masterSlave_isr
000013ad   i2c4masterSlave_isr
000013af   i2c5masterSlave_isr
0000136b   i2s0_isr
20000634   led
000013ab   lpc0_isr
0000026d   main
20000628   main_func_sp
00000fb1   malloc
000011d9   memalign
000015a5   memcpy
00000f25   minit
000012f7   mpuFault_isr
000013a9   peci0_isr
00001301   pendSV_isr
00001317   pwm0_isr
00001319   pwm1_isr
0000131b   pwm2_isr
0000135d   pwm3_isr
00001315   pwmFault_isr
2000063c   pwmOut
000013dd   pwm_1_0_isr
000013df   pwm_1_1_isr
000013e1   pwm_1_2_isr
000013e3   pwm_1_3_isr
000013e5   pwm_1_Fault_isr
0000131d   quadEnc0_isr
0000134f   quadEnc1_isr
000013b5   quadEnc2_isr
000010d3   realloc
000012f1   reset_isr
20000644   servo2
00001311   ssi0rxtx_isr
00001347   ssi1rxtx_isr
00001375   ssi2rxtx_isr
00001377   ssi3rxtx_isr
000012fd   svCall_isr
0000133b   sysCtrl_isr
00001303   sysTick_isr
20000630   systemClock
00001329   timer0SubA_isr
0000132b   timer0SubB_isr
0000138f   timer0WideA_isr
00001391   timer0WideB_isr
0000132d   timer1SubA_isr
0000132f   timer1SubB_isr
00001393   timer1WideA_isr
00001395   timer1WideB_isr
00001331   timer2SubA_isr
00001333   timer2SubB_isr
00001397   timer2WideA_isr
00001399   timer2WideB_isr
00001349   timer3SubA_isr
0000134b   timer3SubB_isr
0000139b   timer3WideA_isr
0000139d   timer3WideB_isr
00001387   timer4SubA_isr
00001389   timer4SubB_isr
0000139f   timer4WideA_isr
000013a1   timer4WideB_isr
0000138b   timer5SubA_isr
0000138d   timer5SubB_isr
000013a3   timer5WideA_isr
000013a5   timer5WideB_isr
00001361   uDMAerror_isr
0000135f   uDMAsofTransfer_isr
0000130d   uart0rxtx_isr
0000130f   uart1rxtx_isr
00001345   uart2rxtx_isr
00001379   uart3rxtx_isr
0000137b   uart4rxtx_isr
0000137d   uart5rxtx_isr
0000137f   uart6rxtx_isr
00001381   uart7rxtx_isr
000012fb   usageFault_isr
0000135b   usb0_isr
00001327   watchdogTimer_isr


GLOBAL SYMBOLS: SORTED BY Symbol Address 

address    name
--------   ----
00000000   __TI_static_base__
00000000   g_pfnVectors
00000001   __TI_args_main
00000200   __STACK_SIZE
0000026d   main
00000345   _ZN5clock5ClockC1Ev
00000345   _ZN5clock5ClockC2Ev
00000357   _ZN5clock5Clock6configENS_6config11clockSource12_clockSourceENS1_9clockRate10_clockRateENS1_27precisionInternalOscillator28_precisionInternalOscillatorENS1_14mainOscillator15_mainOscillatorE
000003df   _ZN5clock5Clock15enableGpioClockENS_10peripheral4gpio5_gpioENS_6config11gpioBusType12_gpioBusTypeE
00000400   __SYSMEM_SIZE
00000421   _ZN5clock5Clock22enableSimpleTimerClockENS_10peripheral5timer11simpleTimer12_simpleTimerE
00000445   _ZN5clock5Clock20enableWideTimerClockENS_10peripheral5timer9wideTimer10_wideTimerE
00000469   _ZN5clock5Clock15enableUartClockENS_10peripheral4uart5_uartE
0000048d   _ZN5clock5Clock14enableADCClockENS_10peripheral3adc4_adcE
000004b1   _ZN4Gpio3PinC1Ev
000004b1   _ZN4Gpio3PinC2Ev
000004c9   _ZN4Gpio3PinC1ENS_4port5_portENS_3pin4_pinE
000004c9   _ZN4Gpio3PinC2ENS_4port5_portENS_3pin4_pinE
000004e9   _ZN4Gpio3Pin17enableDigitalFuncEv
00000509   _ZN4Gpio3Pin18disableDigitalFuncEv
0000052d   _ZN4Gpio3Pin7setModeENS_6config4mode5_modeE
00000571   _ZN4Gpio3Pin9setIOModeENS_6config6ioMode7_ioModeE
000005b5   _ZN4Gpio3Pin6setLowEv
000005d5   _ZN4Gpio3Pin7setHighEv
000005f5   _ZN4Gpio3Pin8setValueENS_5state6_stateE
00000625   _ZN4Gpio3Pin6toggleEv
00000659   _ZN4Gpio3Pin6isHighEv
00000687   _ZN4Gpio3Pin5isLowEv
000006a5   _ZN4Gpio3Pin15enableInterruptEv
000006c9   _ZN4Gpio3Pin16disableInterruptEv
000006ed   _ZN4Gpio3Pin15configInterruptENS_6config10interrupts12intSenseType13_intSenseTypeENS2_17intSenseBothEdges18_intSenseBothEdgesENS2_12intEventType13_intEventTypeE
000007a7   _ZN4Gpio3Pin9clearFlagEv
000007cd   _ZN4Gpio3Pin13setAnalogModeEv
000007ed   _ZN4Gpio3Pin16setAlternateModeENS_6config8altModes9_altModesE
00000831   _ZN4Gpio3Pin15setCurrentDriveENS_6config12currentDrive13_currentDriveE
00000889   _ZN4Gpio3Pin9setPullUpEv
000008a9   _ZN4Gpio3Pin11setPullDownEv
000008c9   _ZN4Gpio3Pin12setOpenDrainEv
000008e9   _ZN7GpTimer5TimerC1Ev
000008e9   _ZN7GpTimer5TimerC2Ev
0000090f   _ZN7GpTimer5TimerC1ENS_11timerModule12_timerModuleENS_8subtimer9_subtimerE
0000090f   _ZN7GpTimer5TimerC2ENS_11timerModule12_timerModuleENS_8subtimer9_subtimerE
0000093d   _ZN7GpTimer5Timer4initEv
00000947   _ZN7GpTimer5Timer6configEmfNS_6config11timerConfig11joiningMode12_joiningModeENS2_14countDirection15_countDirectionENS2_9timerMode10_timerModeENS2_15timerInterrupts16_timerInterruptsE
00000a71   _ZN7GpTimer5Timer12disableTimerEv
00000a93   _ZN7GpTimer5Timer11enableTimerEv
00000ab1   _ZN7GpTimer5Timer14clearInterruptENS_6config11timerConfig13interruptFlag14_interruptFlagE
00000acd   _ZN7GpTimer3PwmC1Ev
00000acd   _ZN7GpTimer3PwmC2Ev
00000aff   _ZN7GpTimer3PwmC1ENS_11timerModule12_timerModuleENS_8subtimer9_subtimerE
00000aff   _ZN7GpTimer3PwmC2ENS_11timerModule12_timerModuleENS_8subtimer9_subtimerE
00000b43   _ZN7GpTimer3Pwm4initEv
00000b55   _ZN7GpTimer3Pwm9configPWMEmfNS_6config9pwmConfig11outputLevel12_outputLevelE
00000cd9   _ZN7GpTimer3Pwm7setDutyEf
00000dd9   _ZN6delays8delay_msEj
00000dfd   _ZN4core15IntEnableMasterEv
00000e09   _ZN4core15enableInterruptENS_10interrupts10_interruptE
00000ea9   __sti___8_main_cpp_70a26d19
00000f25   minit
00000fb1   malloc
00001013   free
000010d3   realloc
000011d9   memalign
000012b9   calloc
000012f1   reset_isr
000012f7   mpuFault_isr
000012f9   busFault_isr
000012fb   usageFault_isr
000012fd   svCall_isr
000012ff   debugMonitor_isr
00001301   pendSV_isr
00001303   sysTick_isr
00001305   gpioB_isr
00001307   gpioC_isr
00001309   gpioD_isr
0000130b   gpioE_isr
0000130d   uart0rxtx_isr
0000130f   uart1rxtx_isr
00001311   ssi0rxtx_isr
00001313   i2c0masterSlave_isr
00001315   pwmFault_isr
00001317   pwm0_isr
00001319   pwm1_isr
0000131b   pwm2_isr
0000131d   quadEnc0_isr
0000131f   adcSeq0_isr
00001321   adcSeq1_isr
00001323   adcSeq2_isr
00001325   adcSeq3_isr
00001327   watchdogTimer_isr
00001329   timer0SubA_isr
0000132b   timer0SubB_isr
0000132d   timer1SubA_isr
0000132f   timer1SubB_isr
00001331   timer2SubA_isr
00001333   timer2SubB_isr
00001335   analogComparator0_isr
00001337   analogComparator1_isr
00001339   analogComparator2_isr
0000133b   sysCtrl_isr
0000133d   flashCtrl_isr
0000133f   gpioF_isr
00001341   gpioG_isr
00001343   gpioH_isr
00001345   uart2rxtx_isr
00001347   ssi1rxtx_isr
00001349   timer3SubA_isr
0000134b   timer3SubB_isr
0000134d   i2c1masterSlave_isr
0000134f   quadEnc1_isr
00001351   can0_isr
00001353   can1_isr
00001355   can2_isr
00001357   ethernet_isr
00001359   hibernate_isr
0000135b   usb0_isr
0000135d   pwm3_isr
0000135f   uDMAsofTransfer_isr
00001361   uDMAerror_isr
00001363   adc_1_Seq0_isr
00001365   adc_1_Seq1_isr
00001367   adc_1_Seq2_isr
00001369   adc_1_Seq3_isr
0000136b   i2s0_isr
0000136d   extBusInterface_isr
0000136f   gpioJ_isr
00001371   gpioK_isr
00001373   gpioL_isr
00001375   ssi2rxtx_isr
00001377   ssi3rxtx_isr
00001379   uart3rxtx_isr
0000137b   uart4rxtx_isr
0000137d   uart5rxtx_isr
0000137f   uart6rxtx_isr
00001381   uart7rxtx_isr
00001383   i2c2masterSlave_isr
00001385   i2c3masterSlave_isr
00001387   timer4SubA_isr
00001389   timer4SubB_isr
0000138b   timer5SubA_isr
0000138d   timer5SubB_isr
0000138f   timer0WideA_isr
00001391   timer0WideB_isr
00001393   timer1WideA_isr
00001395   timer1WideB_isr
00001397   timer2WideA_isr
00001399   timer2WideB_isr
0000139b   timer3WideA_isr
0000139d   timer3WideB_isr
0000139f   timer4WideA_isr
000013a1   timer4WideB_isr
000013a3   timer5WideA_isr
000013a5   timer5WideB_isr
000013a7   fpu_isr
000013a9   peci0_isr
000013ab   lpc0_isr
000013ad   i2c4masterSlave_isr
000013af   i2c5masterSlave_isr
000013b1   gpioM_isr
000013b3   gpioN_isr
000013b5   quadEnc2_isr
000013b7   fan0_isr
000013b9   gpioP_isr
000013bb   gpioP1_isr
000013bd   gpioP2_isr
000013bf   gpioP3_isr
000013c1   gpioP4_isr
000013c3   gpioP5_isr
000013c5   gpioP6_isr
000013c7   gpioP7_isr
000013c9   gpioQ_isr
000013cb   gpioQ1_isr
000013cd   gpioQ2_isr
000013cf   gpioQ3_isr
000013d1   gpioQ4_isr
000013d3   gpioQ5_isr
000013d5   gpioQ6_isr
000013d7   gpioQ7_isr
000013d9   gpioR_isr
000013db   gpioS_isr
000013dd   pwm_1_0_isr
000013df   pwm_1_1_isr
000013e1   pwm_1_2_isr
000013e3   pwm_1_3_isr
000013e5   pwm_1_Fault_isr
000013e7   gpioA_isr
000013e9   _Z8ResetISRv
000013f5   __cxa_finalize
00001435   __cxa_ia64_exit
0000143b   __cxa_atexit
0000143f   atexit
0000144d   __aeabi_atexit
000014e9   _ZSt21__gen_dummy_typeinfosv
000014f1   _ZNSt9type_infoD1Ev
000014f1   _ZNSt9type_infoD2Ev
000014f3   _ZNSt9type_infoD0Ev
000014fb   _ZNKSt9type_info4nameEv
000014ff   _ZNKSt9type_infoneERKS_
00001515   _ZNKSt9type_infoeqERKS_
0000152b   _ZNKSt9type_info6beforeERKS_
00001539   _ZN10__cxxabiv129__pointer_to_member_type_infoD1Ev
00001539   _ZN10__cxxabiv129__pointer_to_member_type_infoD2Ev
0000153b   _ZN10__cxxabiv129__pointer_to_member_type_infoD0Ev
00001543   _ZN10__cxxabiv123__fundamental_type_infoD1Ev
00001543   _ZN10__cxxabiv123__fundamental_type_infoD2Ev
00001545   _ZN10__cxxabiv123__fundamental_type_infoD0Ev
0000154d   _ZN10__cxxabiv121__vmi_class_type_infoD1Ev
0000154d   _ZN10__cxxabiv121__vmi_class_type_infoD2Ev
0000154f   _ZN10__cxxabiv121__vmi_class_type_infoD0Ev
00001557   _ZN10__cxxabiv120__si_class_type_infoD1Ev
00001557   _ZN10__cxxabiv120__si_class_type_infoD2Ev
00001559   _ZN10__cxxabiv120__si_class_type_infoD0Ev
00001561   _ZN10__cxxabiv120__function_type_infoD1Ev
00001561   _ZN10__cxxabiv120__function_type_infoD2Ev
00001563   _ZN10__cxxabiv120__function_type_infoD0Ev
0000156b   _ZN10__cxxabiv119__pointer_type_infoD1Ev
0000156b   _ZN10__cxxabiv119__pointer_type_infoD2Ev
0000156d   _ZN10__cxxabiv119__pointer_type_infoD0Ev
00001575   _ZN10__cxxabiv117__pbase_type_infoD1Ev
00001575   _ZN10__cxxabiv117__pbase_type_infoD2Ev
00001577   _ZN10__cxxabiv117__pbase_type_infoD0Ev
0000157f   _ZN10__cxxabiv117__class_type_infoD1Ev
0000157f   _ZN10__cxxabiv117__class_type_infoD2Ev
00001581   _ZN10__cxxabiv117__class_type_infoD0Ev
00001589   _ZN10__cxxabiv117__array_type_infoD1Ev
00001589   _ZN10__cxxabiv117__array_type_infoD2Ev
0000158b   _ZN10__cxxabiv117__array_type_infoD0Ev
00001593   _ZN10__cxxabiv116__enum_type_infoD1Ev
00001593   _ZN10__cxxabiv116__enum_type_infoD2Ev
00001595   _ZN10__cxxabiv116__enum_type_infoD0Ev
000015a5   __aeabi_memcpy
000015a5   __aeabi_memcpy4
000015a5   __aeabi_memcpy8
000015a5   memcpy
00001641   __TI_auto_init
000016d5   __aeabi_cdcmpeq
000016d5   __aeabi_cdcmple
0000175b   __aeabi_cdrcmple
0000183f   __aeabi_f2ulz
0000188f   __aeabi_d2f
000018d9   _c_int00
00001921   copy_in
00001965   C$$EXIT
00001969   abort
00001971   exit
000019a9   __aeabi_f2d
000019e1   _Znwj
00001a0d   _ZN7gObject7GObjectC1Ev
00001a0d   _ZN7gObject7GObjectC2Ev
00001a25   _ZN7gObject7GObject4initEv
00001a35   _ZNSt8auto_ptrIN7gObject7GObjectEE5resetEPS1_
00001a55   _args_main
00001a6d   _ZNSt8auto_ptrIN7gObject7GObjectEEC1EPS1_
00001a81   _register_unlock
00001a87   _register_lock
00001a8f   _nop
00001a95   __TI_zero_init
00001aa7   _ZNSt8auto_ptrIN7gObject7GObjectEED1Ev
00001ab7   _ZNKSt8auto_ptrIN7gObject7GObjectEE3getEv
00001ac5   __TI_decompress_none
00001ad3   _ZdlPv
00001adb   __TI_decompress_rle24
00001ae1   _Z21__default_new_handlerv
00001ae4   _ZTSN10__cxxabiv123__fundamental_type_infoE
00001b0c   _ZTSN10__cxxabiv120__si_class_type_infoE
00001b31   _ZTSN10__cxxabiv119__pointer_type_infoE
00001b55   _ZTSN10__cxxabiv117__class_type_infoE
00001b77   _ZTSN10__cxxabiv117__pbase_type_infoE
00001b99   _ZTSN7gObject7GObjectE
00001bac   _ZTSN7GpTimer5TimerE
00001bbd   _ZTSe
00001bc0   _ZTIPKe
00001bd0   _ZTVN10__cxxabiv117__class_type_infoE
00001be0   _ZTVN10__cxxabiv119__pointer_type_infoE
00001bf0   _ZTVN10__cxxabiv120__si_class_type_infoE
00001c00   _ZTVN10__cxxabiv123__fundamental_type_infoE
00001c10   _ZTSN7GpTimer3PwmE
00001c1f   _ZTSSt9type_info
00001c2c   _ZTIN10__cxxabiv117__class_type_infoE
00001c38   _ZTIN10__cxxabiv117__pbase_type_infoE
00001c44   _ZTIN10__cxxabiv119__pointer_type_infoE
00001c50   _ZTIN10__cxxabiv120__si_class_type_infoE
00001c5c   _ZTIN10__cxxabiv123__fundamental_type_infoE
00001c68   _ZTIN7GpTimer3PwmE
00001c74   _ZTIN7GpTimer5TimerE
00001c80   _ZTVN7GpTimer3PwmE
00001c8c   _ZTVN7GpTimer5TimerE
00001c98   _ZTVN7gObject7GObjectE
00001ca4   _ZTIN7gObject7GObjectE
00001cac   _ZTISt9type_info
00001cb4   _ZTIe
00001cbc   _ZTSPKe
00001cc0   SHT$$INIT_ARRAY$$Base
00001cc4   SHT$$INIT_ARRAY$$Limit
00001cec   __TI_Handler_Table_Base
00001cf8   __TI_Handler_Table_Limit
00001d00   __TI_CINIT_Base
00001d10   __TI_CINIT_Limit
20000000   _sys_memory
20000400   __stack
20000600   __STACK_END
20000600   __STACK_TOP
2000060c   duty
20000610   _ZN5clock5Clock14CLOCK_RATE_MHZE
20000614   _lock
20000618   _unlock
2000061c   __TI_cleanup_ptr
20000620   __TI_dtors_ptr
20000628   main_func_sp
2000062c   _new_handler
20000630   systemClock
20000634   led
2000063c   pwmOut
20000644   servo2
20000648   _ZSt16__dummy_typeinfo
2000064c   __dso_handle
ffffffff   __binit__
ffffffff   __c_args__
ffffffff   binit

[319 symbols]
